// Jest Snapshot v1, https://goo.gl/fbAQLP

exports[`[Component] Card Image should execute snapshot 1`] = `
<div
  class="card-image__wrapper"
  role="contentinfo"
>
  <img
    alt="alt image"
    class="card-image__image"
    src="htttp://image.pnge"
  />
  <div>
    <p
      class="card-image__text"
    >
      John Doe
    </p>
  </div>
</div>
`;
